2026-04-19 14:51:23 | INFO     | config.config:<module>:12 - Loaded environment variables from E:\doantotnghiep\doan2\.env
2026-04-19 14:51:23 | INFO     | config.config:validate_config:62 - ==================================================
2026-04-19 14:51:23 | INFO     | config.config:validate_config:63 -       THÔNG TIN CẤU HÌNH HỆ THỐNG
2026-04-19 14:51:23 | INFO     | config.config:validate_config:64 -   > URL Mục tiêu : http://127.0.0.1:5501/index/index.html
2026-04-19 14:51:23 | INFO     | config.config:validate_config:65 -   > Trình duyệt : chromium (Headless: False)
2026-04-19 14:51:23 | INFO     | config.config:validate_config:66 -   > Timeout     : 30000 ms
2026-04-19 14:51:23 | INFO     | config.config:validate_config:67 - ==================================================
2026-04-19 14:51:23 | INFO     | test_main:<module>:19 - 🎯 Thực thi Test cho Site: 127_0_0_15501 | Page: Book1.xlsx
2026-04-19 14:51:23 | WARNING  | utils.helpers:read_excel_data:50 - ⚠️ đang tìm file tại: E:\doantotnghiep\doan2\test_data\127_0_0_15501\Book1.xlsx ----- Book1.xlsx --- 127_0_0_15501
2026-04-19 14:51:23 | INFO     | utils.helpers:read_excel_data:53 - Đang đọc dữ liệu Excel: E:\doantotnghiep\doan2\test_data\127_0_0_15501\Book1.xlsx
2026-04-19 14:51:24 | INFO     | utils.helpers:read_excel_data:63 - Đọc thành công 6 dòng dữ liệu.
2026-04-19 14:51:24 | INFO     | conftest:browser:20 - Khởi động trình duyệt: chromium
2026-04-19 14:51:25 | INFO     | conftest:page:35 - Khởi tạo Page context mới.
2026-04-19 14:51:25 | INFO     | core.generic_runner:run_test:30 - 🚀 Bắt đầu kịch bản: login cho site 127_0_0_15501
2026-04-19 14:51:25 | INFO     | pages.base_page:navigate:11 - Điều hướng tới: http://127.0.0.1:5501/index/index.html
2026-04-19 14:51:25 | INFO     | core.generic_runner:_execute_step:64 - 🧩 Step 'USERNAME' | data_key='username' | value=''
2026-04-19 14:51:25 | INFO     | core.generic_runner:_execute_step:65 - 🧪 TEST DATA KEYS: ['username', 'password', 'loginbutton', 'errormsg', 'description']
2026-04-19 14:51:25 | INFO     | pages.base_page:fill:26 - Nhập '' vào: USERNAME
2026-04-19 14:51:25 | INFO     | core.generic_runner:_execute_step:64 - 🧩 Step 'PASSWORD' | data_key='password' | value='123456'
2026-04-19 14:51:25 | INFO     | core.generic_runner:_execute_step:65 - 🧪 TEST DATA KEYS: ['username', 'password', 'loginbutton', 'errormsg', 'description']
2026-04-19 14:51:25 | INFO     | pages.base_page:fill:26 - Nhập '123456' vào: PASSWORD
2026-04-19 14:51:25 | INFO     | core.generic_runner:_execute_step:64 - 🧩 Step 'LOGINBUTTON' | data_key='loginbutton' | value='click'
2026-04-19 14:51:25 | INFO     | core.generic_runner:_execute_step:65 - 🧪 TEST DATA KEYS: ['username', 'password', 'loginbutton', 'errormsg', 'description']
2026-04-19 14:51:25 | INFO     | pages.base_page:click:17 - Click vào: LOGINBUTTON
2026-04-19 14:51:26 | INFO     | core.generic_runner:_execute_step:64 - 🧩 Step 'ERRORMSG' | data_key='errormsg' | value='Username không được để trống'
2026-04-19 14:51:26 | INFO     | core.generic_runner:_execute_step:65 - 🧪 TEST DATA KEYS: ['username', 'password', 'loginbutton', 'errormsg', 'description']
2026-04-19 14:51:26 | INFO     | core.generic_runner:_execute_step:87 - 🔍 Kiểm tra văn bản: Kỳ vọng chứa 'Username không được để trống', thực tế có 'Username không được để trống'
2026-04-19 14:51:26 | INFO     | core.generic_runner:run_test:42 - ✅ Hoàn thành kịch bản login thành công.
2026-04-19 14:51:26 | INFO     | test_main:test_run_workflow:39 - ✅ Test Case kết thúc: Trạng thái thực tế trùng khớp với kỳ vọng (success)
2026-04-19 14:51:26 | INFO     | conftest:page:35 - Khởi tạo Page context mới.
2026-04-19 14:51:26 | INFO     | core.generic_runner:run_test:30 - 🚀 Bắt đầu kịch bản: login cho site 127_0_0_15501
2026-04-19 14:51:26 | INFO     | pages.base_page:navigate:11 - Điều hướng tới: http://127.0.0.1:5501/index/index.html
2026-04-19 14:51:26 | INFO     | core.generic_runner:_execute_step:64 - 🧩 Step 'USERNAME' | data_key='username' | value='admin'
2026-04-19 14:51:26 | INFO     | core.generic_runner:_execute_step:65 - 🧪 TEST DATA KEYS: ['username', 'password', 'loginbutton', 'errormsg', 'description']
2026-04-19 14:51:26 | INFO     | pages.base_page:fill:26 - Nhập 'admin' vào: USERNAME
2026-04-19 14:51:26 | INFO     | core.generic_runner:_execute_step:64 - 🧩 Step 'PASSWORD' | data_key='password' | value=''
2026-04-19 14:51:26 | INFO     | core.generic_runner:_execute_step:65 - 🧪 TEST DATA KEYS: ['username', 'password', 'loginbutton', 'errormsg', 'description']
2026-04-19 14:51:26 | INFO     | pages.base_page:fill:26 - Nhập '' vào: PASSWORD
2026-04-19 14:51:26 | INFO     | core.generic_runner:_execute_step:64 - 🧩 Step 'LOGINBUTTON' | data_key='loginbutton' | value='click'
2026-04-19 14:51:26 | INFO     | core.generic_runner:_execute_step:65 - 🧪 TEST DATA KEYS: ['username', 'password', 'loginbutton', 'errormsg', 'description']
2026-04-19 14:51:26 | INFO     | pages.base_page:click:17 - Click vào: LOGINBUTTON
2026-04-19 14:51:26 | INFO     | core.generic_runner:_execute_step:64 - 🧩 Step 'ERRORMSG' | data_key='errormsg' | value='Password không được để trống'
2026-04-19 14:51:26 | INFO     | core.generic_runner:_execute_step:65 - 🧪 TEST DATA KEYS: ['username', 'password', 'loginbutton', 'errormsg', 'description']
2026-04-19 14:51:26 | INFO     | core.generic_runner:_execute_step:87 - 🔍 Kiểm tra văn bản: Kỳ vọng chứa 'Password không được để trống', thực tế có 'Password không được để trống'
2026-04-19 14:51:26 | INFO     | core.generic_runner:run_test:42 - ✅ Hoàn thành kịch bản login thành công.
2026-04-19 14:51:26 | INFO     | test_main:test_run_workflow:39 - ✅ Test Case kết thúc: Trạng thái thực tế trùng khớp với kỳ vọng (success)
2026-04-19 14:51:27 | INFO     | conftest:page:35 - Khởi tạo Page context mới.
2026-04-19 14:51:27 | INFO     | core.generic_runner:run_test:30 - 🚀 Bắt đầu kịch bản: login cho site 127_0_0_15501
2026-04-19 14:51:27 | INFO     | pages.base_page:navigate:11 - Điều hướng tới: http://127.0.0.1:5501/index/index.html
2026-04-19 14:51:27 | INFO     | core.generic_runner:_execute_step:64 - 🧩 Step 'USERNAME' | data_key='username' | value='admin'
2026-04-19 14:51:27 | INFO     | core.generic_runner:_execute_step:65 - 🧪 TEST DATA KEYS: ['username', 'password', 'loginbutton', 'errormsg', 'description']
2026-04-19 14:51:27 | INFO     | pages.base_page:fill:26 - Nhập 'admin' vào: USERNAME
2026-04-19 14:51:27 | INFO     | core.generic_runner:_execute_step:64 - 🧩 Step 'PASSWORD' | data_key='password' | value='123'
2026-04-19 14:51:27 | INFO     | core.generic_runner:_execute_step:65 - 🧪 TEST DATA KEYS: ['username', 'password', 'loginbutton', 'errormsg', 'description']
2026-04-19 14:51:27 | INFO     | pages.base_page:fill:26 - Nhập '123' vào: PASSWORD
2026-04-19 14:51:27 | INFO     | core.generic_runner:_execute_step:64 - 🧩 Step 'LOGINBUTTON' | data_key='loginbutton' | value='click'
2026-04-19 14:51:27 | INFO     | core.generic_runner:_execute_step:65 - 🧪 TEST DATA KEYS: ['username', 'password', 'loginbutton', 'errormsg', 'description']
2026-04-19 14:51:27 | INFO     | pages.base_page:click:17 - Click vào: LOGINBUTTON
2026-04-19 14:51:27 | INFO     | core.generic_runner:_execute_step:64 - 🧩 Step 'ERRORMSG' | data_key='errormsg' | value='Password phải ít nhất 6 ký tự'
2026-04-19 14:51:27 | INFO     | core.generic_runner:_execute_step:65 - 🧪 TEST DATA KEYS: ['username', 'password', 'loginbutton', 'errormsg', 'description']
2026-04-19 14:51:27 | INFO     | core.generic_runner:_execute_step:87 - 🔍 Kiểm tra văn bản: Kỳ vọng chứa 'Password phải ít nhất 6 ký tự', thực tế có 'Password phải ít nhất 6 ký tự'
2026-04-19 14:51:27 | INFO     | core.generic_runner:run_test:42 - ✅ Hoàn thành kịch bản login thành công.
2026-04-19 14:51:27 | INFO     | test_main:test_run_workflow:39 - ✅ Test Case kết thúc: Trạng thái thực tế trùng khớp với kỳ vọng (success)
2026-04-19 14:51:27 | INFO     | conftest:page:35 - Khởi tạo Page context mới.
2026-04-19 14:51:27 | INFO     | core.generic_runner:run_test:30 - 🚀 Bắt đầu kịch bản: login cho site 127_0_0_15501
2026-04-19 14:51:27 | INFO     | pages.base_page:navigate:11 - Điều hướng tới: http://127.0.0.1:5501/index/index.html
2026-04-19 14:51:27 | INFO     | core.generic_runner:_execute_step:64 - 🧩 Step 'USERNAME' | data_key='username' | value='admin'
2026-04-19 14:51:27 | INFO     | core.generic_runner:_execute_step:65 - 🧪 TEST DATA KEYS: ['username', 'password', 'loginbutton', 'errormsg', 'description']
2026-04-19 14:51:27 | INFO     | pages.base_page:fill:26 - Nhập 'admin' vào: USERNAME
2026-04-19 14:51:27 | INFO     | core.generic_runner:_execute_step:64 - 🧩 Step 'PASSWORD' | data_key='password' | value='111111'
2026-04-19 14:51:27 | INFO     | core.generic_runner:_execute_step:65 - 🧪 TEST DATA KEYS: ['username', 'password', 'loginbutton', 'errormsg', 'description']
2026-04-19 14:51:27 | INFO     | pages.base_page:fill:26 - Nhập '111111' vào: PASSWORD
2026-04-19 14:51:27 | INFO     | core.generic_runner:_execute_step:64 - 🧩 Step 'LOGINBUTTON' | data_key='loginbutton' | value='click'
2026-04-19 14:51:27 | INFO     | core.generic_runner:_execute_step:65 - 🧪 TEST DATA KEYS: ['username', 'password', 'loginbutton', 'errormsg', 'description']
2026-04-19 14:51:27 | INFO     | pages.base_page:click:17 - Click vào: LOGINBUTTON
2026-04-19 14:51:27 | INFO     | core.generic_runner:_execute_step:64 - 🧩 Step 'ERRORMSG' | data_key='errormsg' | value='Sai username hoặc password'
2026-04-19 14:51:27 | INFO     | core.generic_runner:_execute_step:65 - 🧪 TEST DATA KEYS: ['username', 'password', 'loginbutton', 'errormsg', 'description']
2026-04-19 14:51:27 | INFO     | core.generic_runner:_execute_step:87 - 🔍 Kiểm tra văn bản: Kỳ vọng chứa 'Sai username hoặc password', thực tế có 'Sai username hoặc password'
2026-04-19 14:51:27 | INFO     | core.generic_runner:run_test:42 - ✅ Hoàn thành kịch bản login thành công.
2026-04-19 14:51:27 | INFO     | test_main:test_run_workflow:39 - ✅ Test Case kết thúc: Trạng thái thực tế trùng khớp với kỳ vọng (success)
2026-04-19 14:51:28 | INFO     | conftest:page:35 - Khởi tạo Page context mới.
2026-04-19 14:51:28 | INFO     | core.generic_runner:run_test:30 - 🚀 Bắt đầu kịch bản: login cho site 127_0_0_15501
2026-04-19 14:51:28 | INFO     | pages.base_page:navigate:11 - Điều hướng tới: http://127.0.0.1:5501/index/index.html
2026-04-19 14:51:28 | INFO     | core.generic_runner:_execute_step:64 - 🧩 Step 'USERNAME' | data_key='username' | value='user'
2026-04-19 14:51:28 | INFO     | core.generic_runner:_execute_step:65 - 🧪 TEST DATA KEYS: ['username', 'password', 'loginbutton', 'errormsg', 'description']
2026-04-19 14:51:28 | INFO     | pages.base_page:fill:26 - Nhập 'user' vào: USERNAME
2026-04-19 14:51:28 | INFO     | core.generic_runner:_execute_step:64 - 🧩 Step 'PASSWORD' | data_key='password' | value='123456'
2026-04-19 14:51:28 | INFO     | core.generic_runner:_execute_step:65 - 🧪 TEST DATA KEYS: ['username', 'password', 'loginbutton', 'errormsg', 'description']
2026-04-19 14:51:28 | INFO     | pages.base_page:fill:26 - Nhập '123456' vào: PASSWORD
2026-04-19 14:51:28 | INFO     | core.generic_runner:_execute_step:64 - 🧩 Step 'LOGINBUTTON' | data_key='loginbutton' | value='click'
2026-04-19 14:51:28 | INFO     | core.generic_runner:_execute_step:65 - 🧪 TEST DATA KEYS: ['username', 'password', 'loginbutton', 'errormsg', 'description']
2026-04-19 14:51:28 | INFO     | pages.base_page:click:17 - Click vào: LOGINBUTTON
2026-04-19 14:51:28 | INFO     | core.generic_runner:_execute_step:64 - 🧩 Step 'ERRORMSG' | data_key='errormsg' | value='Sai username hoặc password'
2026-04-19 14:51:28 | INFO     | core.generic_runner:_execute_step:65 - 🧪 TEST DATA KEYS: ['username', 'password', 'loginbutton', 'errormsg', 'description']
2026-04-19 14:51:28 | INFO     | core.generic_runner:_execute_step:87 - 🔍 Kiểm tra văn bản: Kỳ vọng chứa 'Sai username hoặc password', thực tế có 'Sai username hoặc password'
2026-04-19 14:51:28 | INFO     | core.generic_runner:run_test:42 - ✅ Hoàn thành kịch bản login thành công.
2026-04-19 14:51:28 | INFO     | test_main:test_run_workflow:39 - ✅ Test Case kết thúc: Trạng thái thực tế trùng khớp với kỳ vọng (success)
2026-04-19 14:51:28 | INFO     | conftest:page:35 - Khởi tạo Page context mới.
2026-04-19 14:51:28 | INFO     | core.generic_runner:run_test:30 - 🚀 Bắt đầu kịch bản: login cho site 127_0_0_15501
2026-04-19 14:51:28 | INFO     | pages.base_page:navigate:11 - Điều hướng tới: http://127.0.0.1:5501/index/index.html
2026-04-19 14:51:28 | INFO     | core.generic_runner:_execute_step:64 - 🧩 Step 'USERNAME' | data_key='username' | value='admin'
2026-04-19 14:51:28 | INFO     | core.generic_runner:_execute_step:65 - 🧪 TEST DATA KEYS: ['username', 'password', 'loginbutton', 'errormsg', 'description']
2026-04-19 14:51:28 | INFO     | pages.base_page:fill:26 - Nhập 'admin' vào: USERNAME
2026-04-19 14:51:28 | INFO     | core.generic_runner:_execute_step:64 - 🧩 Step 'PASSWORD' | data_key='password' | value='123456'
2026-04-19 14:51:28 | INFO     | core.generic_runner:_execute_step:65 - 🧪 TEST DATA KEYS: ['username', 'password', 'loginbutton', 'errormsg', 'description']
2026-04-19 14:51:28 | INFO     | pages.base_page:fill:26 - Nhập '123456' vào: PASSWORD
2026-04-19 14:51:28 | INFO     | core.generic_runner:_execute_step:64 - 🧩 Step 'LOGINBUTTON' | data_key='loginbutton' | value='click'
2026-04-19 14:51:28 | INFO     | core.generic_runner:_execute_step:65 - 🧪 TEST DATA KEYS: ['username', 'password', 'loginbutton', 'errormsg', 'description']
2026-04-19 14:51:28 | INFO     | pages.base_page:click:17 - Click vào: LOGINBUTTON
2026-04-19 14:51:28 | INFO     | core.generic_runner:_execute_step:64 - 🧩 Step 'ERRORMSG' | data_key='errormsg' | value=''
2026-04-19 14:51:28 | INFO     | core.generic_runner:_execute_step:65 - 🧪 TEST DATA KEYS: ['username', 'password', 'loginbutton', 'errormsg', 'description']
2026-04-19 14:51:29 | INFO     | core.generic_runner:_execute_step:87 - 🔍 Kiểm tra văn bản: Kỳ vọng chứa '', thực tế có ''
2026-04-19 14:51:29 | INFO     | core.generic_runner:run_test:42 - ✅ Hoàn thành kịch bản login thành công.
2026-04-19 14:51:29 | INFO     | test_main:test_run_workflow:39 - ✅ Test Case kết thúc: Trạng thái thực tế trùng khớp với kỳ vọng (success)
2026-04-19 14:51:29 | INFO     | conftest:browser:25 - Đóng trình duyệt.
