2026-04-18 19:36:53 | INFO     | config.config:<module>:14 - Loaded environment variables from E:\doantotnghiep\doan2\.env
2026-04-18 19:36:53 | INFO     | config.config:validate_config:71 - ==================================================
2026-04-18 19:36:53 | INFO     | config.config:validate_config:72 -       THÔNG TIN CẤU HÌNH HỆ THỐNG
2026-04-18 19:36:53 | INFO     | config.config:validate_config:73 -   > URL Mục tiêu : https://www.saucedemo.com/
2026-04-18 19:36:53 | INFO     | config.config:validate_config:74 -   > Trình duyệt : chromium (Headless: False)
2026-04-18 19:36:53 | INFO     | config.config:validate_config:75 -   > Timeout     : 30000 ms
2026-04-18 19:36:53 | INFO     | config.config:validate_config:76 - ==================================================
2026-04-18 19:36:54 | INFO     | test_main:<module>:21 - 🎯 Thực thi Test cho Site: www_saucedemo_com | Page: login_data.xlsx
2026-04-18 19:36:54 | INFO     | utils.helpers:read_excel_data:50 - Đang đọc dữ liệu Excel: E:\doantotnghiep\doan2\test_data\www_saucedemo_com\login_data.xlsx
2026-04-18 19:36:54 | INFO     | utils.helpers:read_excel_data:60 - Đọc thành công 6 dòng dữ liệu.
2026-04-18 19:36:55 | INFO     | conftest:browser:20 - Khởi động trình duyệt: chromium
2026-04-18 19:36:55 | INFO     | conftest:page:35 - Khởi tạo Page context mới.
2026-04-18 19:36:55 | INFO     | core.generic_runner:run_test:35 - 🚀 Bắt đầu kịch bản: login cho site www_saucedemo_com
2026-04-18 19:36:55 | INFO     | pages.base_page:navigate:17 - Điều hướng tới: https://www.saucedemo.com/
2026-04-18 19:36:57 | INFO     | core.generic_runner:_execute_step:69 - 🧩 Step 'USER_NAME' | data_key='user_name' | value='standard_user'
2026-04-18 19:36:57 | INFO     | core.generic_runner:_execute_step:70 - 🧪 TEST DATA KEYS: ['user_name', 'password', 'expected_result', 'h3']
2026-04-18 19:36:57 | INFO     | pages.base_page:fill:34 - Nhập 'standard_user' vào: USER_NAME
2026-04-18 19:36:57 | INFO     | core.generic_runner:_execute_step:69 - 🧩 Step 'PASSWORD' | data_key='password' | value='secret_sauce'
2026-04-18 19:36:57 | INFO     | core.generic_runner:_execute_step:70 - 🧪 TEST DATA KEYS: ['user_name', 'password', 'expected_result', 'h3']
2026-04-18 19:36:57 | INFO     | pages.base_page:fill:34 - Nhập 'secret_sauce' vào: PASSWORD
2026-04-18 19:36:57 | INFO     | core.generic_runner:_execute_step:69 - 🧩 Step 'LOGIN_BUTTON' | data_key='login_button' | value=''
2026-04-18 19:36:57 | INFO     | core.generic_runner:_execute_step:70 - 🧪 TEST DATA KEYS: ['user_name', 'password', 'expected_result', 'h3']
2026-04-18 19:36:57 | INFO     | pages.base_page:click:24 - Click vào: LOGIN_BUTTON
2026-04-18 19:36:57 | INFO     | core.generic_runner:_execute_step:69 - 🧩 Step 'H3' | data_key='h3' | value='Epic sadface: Username is required'
2026-04-18 19:36:57 | INFO     | core.generic_runner:_execute_step:70 - 🧪 TEST DATA KEYS: ['user_name', 'password', 'expected_result', 'h3']
2026-04-18 19:37:05 | ERROR    | pages.base_page:get_text:46 - Không thể lấy text từ [data-test="error"]: Page.wait_for_selector: Timeout 5000ms exceeded.
Call log:
  - waiting for locator("[data-test=\"error\"]")

2026-04-18 19:37:05 | INFO     | core.generic_runner:_execute_step:93 - 🔍 Kiểm tra văn bản: Kỳ vọng chứa 'Epic sadface: Username is required', thực tế có ''
2026-04-18 19:37:05 | ERROR    | core.generic_runner:run_test:51 - 💥 Kịch bản dừng đột ngột do lỗi: ❌ Lỗi nội dung: không chứa 'Epic sadface: Username is required'
2026-04-18 19:37:05 | INFO     | utils.helpers:capture_screenshot:108 - Đã lưu ảnh chụp màn hình tại: E:\doantotnghiep\doan2\reports\screenshots\FAILED_test_run_workflow[data0]_193705.png
2026-04-18 19:37:05 | ERROR    | conftest:pytest_runtest_makereport:67 - Test case 'test_run_workflow[data0]' thất bại. Đã chụp ảnh màn hình.
2026-04-18 19:37:05 | INFO     | conftest:page:35 - Khởi tạo Page context mới.
2026-04-18 19:37:05 | INFO     | core.generic_runner:run_test:35 - 🚀 Bắt đầu kịch bản: login cho site www_saucedemo_com
2026-04-18 19:37:05 | INFO     | pages.base_page:navigate:17 - Điều hướng tới: https://www.saucedemo.com/
2026-04-18 19:37:06 | INFO     | core.generic_runner:_execute_step:69 - 🧩 Step 'USER_NAME' | data_key='user_name' | value='locked_out_user'
2026-04-18 19:37:06 | INFO     | core.generic_runner:_execute_step:70 - 🧪 TEST DATA KEYS: ['user_name', 'password', 'expected_result', 'h3']
2026-04-18 19:37:06 | INFO     | pages.base_page:fill:34 - Nhập 'locked_out_user' vào: USER_NAME
2026-04-18 19:37:06 | INFO     | core.generic_runner:_execute_step:69 - 🧩 Step 'PASSWORD' | data_key='password' | value='secret_sauce'
2026-04-18 19:37:06 | INFO     | core.generic_runner:_execute_step:70 - 🧪 TEST DATA KEYS: ['user_name', 'password', 'expected_result', 'h3']
2026-04-18 19:37:06 | INFO     | pages.base_page:fill:34 - Nhập 'secret_sauce' vào: PASSWORD
2026-04-18 19:37:07 | INFO     | core.generic_runner:_execute_step:69 - 🧩 Step 'LOGIN_BUTTON' | data_key='login_button' | value=''
2026-04-18 19:37:07 | INFO     | core.generic_runner:_execute_step:70 - 🧪 TEST DATA KEYS: ['user_name', 'password', 'expected_result', 'h3']
2026-04-18 19:37:07 | INFO     | pages.base_page:click:24 - Click vào: LOGIN_BUTTON
2026-04-18 19:37:07 | INFO     | core.generic_runner:_execute_step:69 - 🧩 Step 'H3' | data_key='h3' | value='Epic sadface: Sorry, this user has been locked out.'
2026-04-18 19:37:07 | INFO     | core.generic_runner:_execute_step:70 - 🧪 TEST DATA KEYS: ['user_name', 'password', 'expected_result', 'h3']
2026-04-18 19:37:07 | INFO     | core.generic_runner:_execute_step:93 - 🔍 Kiểm tra văn bản: Kỳ vọng chứa 'Epic sadface: Sorry, this user has been locked out.', thực tế có 'Epic sadface: Sorry, this user has been locked out.'
2026-04-18 19:37:07 | INFO     | core.generic_runner:run_test:47 - ✅ Hoàn thành kịch bản login thành công.
2026-04-18 19:37:07 | INFO     | test_main:test_run_workflow:54 - ✅ Test Case kết thúc: Trạng thái thực tế trùng khớp với kỳ vọng (fail)
2026-04-18 19:37:07 | INFO     | conftest:page:35 - Khởi tạo Page context mới.
2026-04-18 19:37:07 | INFO     | core.generic_runner:run_test:35 - 🚀 Bắt đầu kịch bản: login cho site www_saucedemo_com
2026-04-18 19:37:07 | INFO     | pages.base_page:navigate:17 - Điều hướng tới: https://www.saucedemo.com/
2026-04-18 19:37:08 | INFO     | core.generic_runner:_execute_step:69 - 🧩 Step 'USER_NAME' | data_key='user_name' | value='problem_user'
2026-04-18 19:37:08 | INFO     | core.generic_runner:_execute_step:70 - 🧪 TEST DATA KEYS: ['user_name', 'password', 'expected_result', 'h3']
2026-04-18 19:37:08 | INFO     | pages.base_page:fill:34 - Nhập 'problem_user' vào: USER_NAME
2026-04-18 19:37:08 | INFO     | core.generic_runner:_execute_step:69 - 🧩 Step 'PASSWORD' | data_key='password' | value='secret_sauce'
2026-04-18 19:37:08 | INFO     | core.generic_runner:_execute_step:70 - 🧪 TEST DATA KEYS: ['user_name', 'password', 'expected_result', 'h3']
2026-04-18 19:37:08 | INFO     | pages.base_page:fill:34 - Nhập 'secret_sauce' vào: PASSWORD
2026-04-18 19:37:08 | INFO     | core.generic_runner:_execute_step:69 - 🧩 Step 'LOGIN_BUTTON' | data_key='login_button' | value=''
2026-04-18 19:37:08 | INFO     | core.generic_runner:_execute_step:70 - 🧪 TEST DATA KEYS: ['user_name', 'password', 'expected_result', 'h3']
2026-04-18 19:37:08 | INFO     | pages.base_page:click:24 - Click vào: LOGIN_BUTTON
2026-04-18 19:37:08 | INFO     | core.generic_runner:_execute_step:69 - 🧩 Step 'H3' | data_key='h3' | value='User gặp vấn đề hiệu năng nhưng vẫn login được'
2026-04-18 19:37:08 | INFO     | core.generic_runner:_execute_step:70 - 🧪 TEST DATA KEYS: ['user_name', 'password', 'expected_result', 'h3']
2026-04-18 19:37:16 | ERROR    | pages.base_page:get_text:46 - Không thể lấy text từ [data-test="error"]: Page.wait_for_selector: Timeout 5000ms exceeded.
Call log:
  - waiting for locator("[data-test=\"error\"]")

2026-04-18 19:37:16 | INFO     | core.generic_runner:_execute_step:93 - 🔍 Kiểm tra văn bản: Kỳ vọng chứa 'User gặp vấn đề hiệu năng nhưng vẫn login được', thực tế có ''
2026-04-18 19:37:16 | ERROR    | core.generic_runner:run_test:51 - 💥 Kịch bản dừng đột ngột do lỗi: ❌ Lỗi nội dung: không chứa 'User gặp vấn đề hiệu năng nhưng vẫn login được'
2026-04-18 19:37:16 | INFO     | utils.helpers:capture_screenshot:108 - Đã lưu ảnh chụp màn hình tại: E:\doantotnghiep\doan2\reports\screenshots\FAILED_test_run_workflow[data2]_193716.png
2026-04-18 19:37:16 | ERROR    | conftest:pytest_runtest_makereport:67 - Test case 'test_run_workflow[data2]' thất bại. Đã chụp ảnh màn hình.
2026-04-18 19:37:16 | INFO     | conftest:page:35 - Khởi tạo Page context mới.
2026-04-18 19:37:16 | INFO     | core.generic_runner:run_test:35 - 🚀 Bắt đầu kịch bản: login cho site www_saucedemo_com
2026-04-18 19:37:16 | INFO     | pages.base_page:navigate:17 - Điều hướng tới: https://www.saucedemo.com/
2026-04-18 19:37:18 | INFO     | core.generic_runner:_execute_step:69 - 🧩 Step 'USER_NAME' | data_key='user_name' | value='wrong_user'
2026-04-18 19:37:18 | INFO     | core.generic_runner:_execute_step:70 - 🧪 TEST DATA KEYS: ['user_name', 'password', 'expected_result', 'h3']
2026-04-18 19:37:18 | INFO     | pages.base_page:fill:34 - Nhập 'wrong_user' vào: USER_NAME
2026-04-18 19:37:18 | INFO     | core.generic_runner:_execute_step:69 - 🧩 Step 'PASSWORD' | data_key='password' | value='secret_sauce'
2026-04-18 19:37:18 | INFO     | core.generic_runner:_execute_step:70 - 🧪 TEST DATA KEYS: ['user_name', 'password', 'expected_result', 'h3']
2026-04-18 19:37:18 | INFO     | pages.base_page:fill:34 - Nhập 'secret_sauce' vào: PASSWORD
2026-04-18 19:37:18 | INFO     | core.generic_runner:_execute_step:69 - 🧩 Step 'LOGIN_BUTTON' | data_key='login_button' | value=''
2026-04-18 19:37:18 | INFO     | core.generic_runner:_execute_step:70 - 🧪 TEST DATA KEYS: ['user_name', 'password', 'expected_result', 'h3']
2026-04-18 19:37:18 | INFO     | pages.base_page:click:24 - Click vào: LOGIN_BUTTON
2026-04-18 19:37:18 | INFO     | core.generic_runner:_execute_step:69 - 🧩 Step 'H3' | data_key='h3' | value='Sai username'
2026-04-18 19:37:18 | INFO     | core.generic_runner:_execute_step:70 - 🧪 TEST DATA KEYS: ['user_name', 'password', 'expected_result', 'h3']
2026-04-18 19:37:18 | INFO     | core.generic_runner:_execute_step:93 - 🔍 Kiểm tra văn bản: Kỳ vọng chứa 'Sai username', thực tế có 'Epic sadface: Username and password do not match any user in this service'
2026-04-18 19:37:18 | ERROR    | core.generic_runner:run_test:51 - 💥 Kịch bản dừng đột ngột do lỗi: ❌ Lỗi nội dung: không chứa 'Sai username'
2026-04-18 19:37:18 | INFO     | utils.helpers:capture_screenshot:108 - Đã lưu ảnh chụp màn hình tại: E:\doantotnghiep\doan2\reports\screenshots\FAILED_test_run_workflow[data3]_193718.png
2026-04-18 19:37:18 | ERROR    | conftest:pytest_runtest_makereport:67 - Test case 'test_run_workflow[data3]' thất bại. Đã chụp ảnh màn hình.
2026-04-18 19:37:18 | INFO     | conftest:page:35 - Khởi tạo Page context mới.
2026-04-18 19:37:18 | INFO     | core.generic_runner:run_test:35 - 🚀 Bắt đầu kịch bản: login cho site www_saucedemo_com
2026-04-18 19:37:18 | INFO     | pages.base_page:navigate:17 - Điều hướng tới: https://www.saucedemo.com/
2026-04-18 19:37:19 | INFO     | core.generic_runner:_execute_step:69 - 🧩 Step 'USER_NAME' | data_key='user_name' | value='standard_user'
2026-04-18 19:37:19 | INFO     | core.generic_runner:_execute_step:70 - 🧪 TEST DATA KEYS: ['user_name', 'password', 'expected_result', 'h3']
2026-04-18 19:37:19 | INFO     | pages.base_page:fill:34 - Nhập 'standard_user' vào: USER_NAME
2026-04-18 19:37:19 | INFO     | core.generic_runner:_execute_step:69 - 🧩 Step 'PASSWORD' | data_key='password' | value='wrong_password'
2026-04-18 19:37:19 | INFO     | core.generic_runner:_execute_step:70 - 🧪 TEST DATA KEYS: ['user_name', 'password', 'expected_result', 'h3']
2026-04-18 19:37:19 | INFO     | pages.base_page:fill:34 - Nhập 'wrong_password' vào: PASSWORD
2026-04-18 19:37:19 | INFO     | core.generic_runner:_execute_step:69 - 🧩 Step 'LOGIN_BUTTON' | data_key='login_button' | value=''
2026-04-18 19:37:19 | INFO     | core.generic_runner:_execute_step:70 - 🧪 TEST DATA KEYS: ['user_name', 'password', 'expected_result', 'h3']
2026-04-18 19:37:19 | INFO     | pages.base_page:click:24 - Click vào: LOGIN_BUTTON
2026-04-18 19:37:20 | INFO     | core.generic_runner:_execute_step:69 - 🧩 Step 'H3' | data_key='h3' | value='Sai password'
2026-04-18 19:37:20 | INFO     | core.generic_runner:_execute_step:70 - 🧪 TEST DATA KEYS: ['user_name', 'password', 'expected_result', 'h3']
2026-04-18 19:37:20 | INFO     | core.generic_runner:_execute_step:93 - 🔍 Kiểm tra văn bản: Kỳ vọng chứa 'Sai password', thực tế có 'Epic sadface: Username and password do not match any user in this service'
2026-04-18 19:37:20 | ERROR    | core.generic_runner:run_test:51 - 💥 Kịch bản dừng đột ngột do lỗi: ❌ Lỗi nội dung: không chứa 'Sai password'
2026-04-18 19:37:20 | INFO     | utils.helpers:capture_screenshot:108 - Đã lưu ảnh chụp màn hình tại: E:\doantotnghiep\doan2\reports\screenshots\FAILED_test_run_workflow[data4]_193720.png
2026-04-18 19:37:20 | ERROR    | conftest:pytest_runtest_makereport:67 - Test case 'test_run_workflow[data4]' thất bại. Đã chụp ảnh màn hình.
2026-04-18 19:37:20 | INFO     | conftest:page:35 - Khởi tạo Page context mới.
2026-04-18 19:37:20 | INFO     | core.generic_runner:run_test:35 - 🚀 Bắt đầu kịch bản: login cho site www_saucedemo_com
2026-04-18 19:37:20 | INFO     | pages.base_page:navigate:17 - Điều hướng tới: https://www.saucedemo.com/
2026-04-18 19:37:21 | INFO     | core.generic_runner:_execute_step:69 - 🧩 Step 'USER_NAME' | data_key='user_name' | value=''
2026-04-18 19:37:21 | INFO     | core.generic_runner:_execute_step:70 - 🧪 TEST DATA KEYS: ['user_name', 'password', 'expected_result', 'h3']
2026-04-18 19:37:21 | INFO     | pages.base_page:fill:34 - Nhập '' vào: USER_NAME
2026-04-18 19:37:21 | INFO     | core.generic_runner:_execute_step:69 - 🧩 Step 'PASSWORD' | data_key='password' | value=''
2026-04-18 19:37:21 | INFO     | core.generic_runner:_execute_step:70 - 🧪 TEST DATA KEYS: ['user_name', 'password', 'expected_result', 'h3']
2026-04-18 19:37:21 | INFO     | pages.base_page:fill:34 - Nhập '' vào: PASSWORD
2026-04-18 19:37:21 | INFO     | core.generic_runner:_execute_step:69 - 🧩 Step 'LOGIN_BUTTON' | data_key='login_button' | value=''
2026-04-18 19:37:21 | INFO     | core.generic_runner:_execute_step:70 - 🧪 TEST DATA KEYS: ['user_name', 'password', 'expected_result', 'h3']
2026-04-18 19:37:21 | INFO     | pages.base_page:click:24 - Click vào: LOGIN_BUTTON
2026-04-18 19:37:21 | INFO     | core.generic_runner:_execute_step:69 - 🧩 Step 'H3' | data_key='h3' | value='Để trống cả user và pass'
2026-04-18 19:37:21 | INFO     | core.generic_runner:_execute_step:70 - 🧪 TEST DATA KEYS: ['user_name', 'password', 'expected_result', 'h3']
2026-04-18 19:37:21 | INFO     | core.generic_runner:_execute_step:93 - 🔍 Kiểm tra văn bản: Kỳ vọng chứa 'Để trống cả user và pass', thực tế có 'Epic sadface: Username is required'
2026-04-18 19:37:21 | ERROR    | core.generic_runner:run_test:51 - 💥 Kịch bản dừng đột ngột do lỗi: ❌ Lỗi nội dung: không chứa 'Để trống cả user và pass'
2026-04-18 19:37:21 | INFO     | utils.helpers:capture_screenshot:108 - Đã lưu ảnh chụp màn hình tại: E:\doantotnghiep\doan2\reports\screenshots\FAILED_test_run_workflow[data5]_193721.png
2026-04-18 19:37:21 | ERROR    | conftest:pytest_runtest_makereport:67 - Test case 'test_run_workflow[data5]' thất bại. Đã chụp ảnh màn hình.
2026-04-18 19:37:21 | INFO     | conftest:browser:25 - Đóng trình duyệt.
