2026-04-18 19:35:51 | INFO     | config.config:<module>:14 - Loaded environment variables from E:\doantotnghiep\doan2\.env
2026-04-18 19:35:51 | INFO     | config.config:validate_config:71 - ==================================================
2026-04-18 19:35:51 | INFO     | config.config:validate_config:72 -       THÔNG TIN CẤU HÌNH HỆ THỐNG
2026-04-18 19:35:51 | INFO     | config.config:validate_config:73 -   > URL Mục tiêu : https://www.saucedemo.com/
2026-04-18 19:35:51 | INFO     | config.config:validate_config:74 -   > Trình duyệt : chromium (Headless: False)
2026-04-18 19:35:51 | INFO     | config.config:validate_config:75 -   > Timeout     : 30000 ms
2026-04-18 19:35:51 | INFO     | config.config:validate_config:76 - ==================================================
2026-04-18 19:35:51 | INFO     | test_main:<module>:21 - 🎯 Thực thi Test cho Site: www_saucedemo_com | Page: login_data.xlsx
2026-04-18 19:35:51 | INFO     | utils.helpers:read_excel_data:50 - Đang đọc dữ liệu Excel: E:\doantotnghiep\doan2\test_data\www_saucedemo_com\login_data.xlsx
2026-04-18 19:35:52 | INFO     | utils.helpers:read_excel_data:60 - Đọc thành công 6 dòng dữ liệu.
2026-04-18 19:35:52 | INFO     | conftest:browser:20 - Khởi động trình duyệt: chromium
2026-04-18 19:35:53 | INFO     | conftest:page:35 - Khởi tạo Page context mới.
2026-04-18 19:35:53 | INFO     | core.generic_runner:run_test:35 - 🚀 Bắt đầu kịch bản: login cho site www_saucedemo_com
2026-04-18 19:35:53 | INFO     | pages.base_page:navigate:17 - Điều hướng tới: https://www.saucedemo.com/
2026-04-18 19:35:55 | INFO     | core.generic_runner:_execute_step:69 - 🧩 Step 'USER_NAME' | data_key='user_name' | value='standard_user'
2026-04-18 19:35:55 | INFO     | core.generic_runner:_execute_step:70 - 🧪 TEST DATA KEYS: ['user_name', 'password', 'expected_result', 'h3']
2026-04-18 19:35:55 | INFO     | pages.base_page:fill:34 - Nhập 'standard_user' vào: USER_NAME
2026-04-18 19:35:55 | INFO     | core.generic_runner:_execute_step:69 - 🧩 Step 'PASSWORD' | data_key='password' | value='secret_sauce'
2026-04-18 19:35:55 | INFO     | core.generic_runner:_execute_step:70 - 🧪 TEST DATA KEYS: ['user_name', 'password', 'expected_result', 'h3']
2026-04-18 19:35:55 | INFO     | pages.base_page:fill:34 - Nhập 'secret_sauce' vào: PASSWORD
2026-04-18 19:35:55 | INFO     | core.generic_runner:_execute_step:69 - 🧩 Step 'LOGIN_BUTTON' | data_key='login_button' | value=''
2026-04-18 19:35:55 | INFO     | core.generic_runner:_execute_step:70 - 🧪 TEST DATA KEYS: ['user_name', 'password', 'expected_result', 'h3']
2026-04-18 19:35:55 | INFO     | pages.base_page:fill:34 - Nhập '' vào: LOGIN_BUTTON
2026-04-18 19:35:55 | ERROR    | pages.base_page:fill:37 - Lỗi khi nhập liệu vào LOGIN_BUTTON: Page.fill: Error: Input of type "submit" cannot be filled
Call log:
  - waiting for locator("#login-button")
    - locator resolved to <input type="submit" value="Login" id="login-button" name="login-button" data-test="login-button" class="submit-button btn_action"/>
    - fill("")
  - attempting fill action
    - waiting for element to be visible, enabled and editable

2026-04-18 19:35:55 | ERROR    | core.generic_runner:run_test:51 - 💥 Kịch bản dừng đột ngột do lỗi: Page.fill: Error: Input of type "submit" cannot be filled
Call log:
  - waiting for locator("#login-button")
    - locator resolved to <input type="submit" value="Login" id="login-button" name="login-button" data-test="login-button" class="submit-button btn_action"/>
    - fill("")
  - attempting fill action
    - waiting for element to be visible, enabled and editable

2026-04-18 19:35:55 | INFO     | utils.helpers:capture_screenshot:108 - Đã lưu ảnh chụp màn hình tại: E:\doantotnghiep\doan2\reports\screenshots\FAILED_test_run_workflow[data0]_193555.png
2026-04-18 19:35:55 | ERROR    | conftest:pytest_runtest_makereport:67 - Test case 'test_run_workflow[data0]' thất bại. Đã chụp ảnh màn hình.
2026-04-18 19:35:55 | INFO     | conftest:page:35 - Khởi tạo Page context mới.
2026-04-18 19:35:55 | INFO     | core.generic_runner:run_test:35 - 🚀 Bắt đầu kịch bản: login cho site www_saucedemo_com
2026-04-18 19:35:55 | INFO     | pages.base_page:navigate:17 - Điều hướng tới: https://www.saucedemo.com/
2026-04-18 19:35:56 | INFO     | core.generic_runner:_execute_step:69 - 🧩 Step 'USER_NAME' | data_key='user_name' | value='locked_out_user'
2026-04-18 19:35:56 | INFO     | core.generic_runner:_execute_step:70 - 🧪 TEST DATA KEYS: ['user_name', 'password', 'expected_result', 'h3']
2026-04-18 19:35:56 | INFO     | pages.base_page:fill:34 - Nhập 'locked_out_user' vào: USER_NAME
2026-04-18 19:35:56 | INFO     | core.generic_runner:_execute_step:69 - 🧩 Step 'PASSWORD' | data_key='password' | value='secret_sauce'
2026-04-18 19:35:56 | INFO     | core.generic_runner:_execute_step:70 - 🧪 TEST DATA KEYS: ['user_name', 'password', 'expected_result', 'h3']
2026-04-18 19:35:56 | INFO     | pages.base_page:fill:34 - Nhập 'secret_sauce' vào: PASSWORD
2026-04-18 19:35:56 | INFO     | core.generic_runner:_execute_step:69 - 🧩 Step 'LOGIN_BUTTON' | data_key='login_button' | value=''
2026-04-18 19:35:56 | INFO     | core.generic_runner:_execute_step:70 - 🧪 TEST DATA KEYS: ['user_name', 'password', 'expected_result', 'h3']
2026-04-18 19:35:56 | INFO     | pages.base_page:fill:34 - Nhập '' vào: LOGIN_BUTTON
2026-04-18 19:35:56 | ERROR    | pages.base_page:fill:37 - Lỗi khi nhập liệu vào LOGIN_BUTTON: Page.fill: Error: Input of type "submit" cannot be filled
Call log:
  - waiting for locator("#login-button")
    - locator resolved to <input type="submit" value="Login" id="login-button" name="login-button" data-test="login-button" class="submit-button btn_action"/>
    - fill("")
  - attempting fill action
    - waiting for element to be visible, enabled and editable

2026-04-18 19:35:56 | ERROR    | core.generic_runner:run_test:51 - 💥 Kịch bản dừng đột ngột do lỗi: Page.fill: Error: Input of type "submit" cannot be filled
Call log:
  - waiting for locator("#login-button")
    - locator resolved to <input type="submit" value="Login" id="login-button" name="login-button" data-test="login-button" class="submit-button btn_action"/>
    - fill("")
  - attempting fill action
    - waiting for element to be visible, enabled and editable

2026-04-18 19:35:56 | INFO     | utils.helpers:capture_screenshot:108 - Đã lưu ảnh chụp màn hình tại: E:\doantotnghiep\doan2\reports\screenshots\FAILED_test_run_workflow[data1]_193556.png
2026-04-18 19:35:56 | ERROR    | conftest:pytest_runtest_makereport:67 - Test case 'test_run_workflow[data1]' thất bại. Đã chụp ảnh màn hình.
2026-04-18 19:35:56 | INFO     | conftest:page:35 - Khởi tạo Page context mới.
2026-04-18 19:35:56 | INFO     | core.generic_runner:run_test:35 - 🚀 Bắt đầu kịch bản: login cho site www_saucedemo_com
2026-04-18 19:35:56 | INFO     | pages.base_page:navigate:17 - Điều hướng tới: https://www.saucedemo.com/
2026-04-18 19:35:58 | INFO     | core.generic_runner:_execute_step:69 - 🧩 Step 'USER_NAME' | data_key='user_name' | value='problem_user'
2026-04-18 19:35:58 | INFO     | core.generic_runner:_execute_step:70 - 🧪 TEST DATA KEYS: ['user_name', 'password', 'expected_result', 'h3']
2026-04-18 19:35:58 | INFO     | pages.base_page:fill:34 - Nhập 'problem_user' vào: USER_NAME
2026-04-18 19:35:58 | INFO     | core.generic_runner:_execute_step:69 - 🧩 Step 'PASSWORD' | data_key='password' | value='secret_sauce'
2026-04-18 19:35:58 | INFO     | core.generic_runner:_execute_step:70 - 🧪 TEST DATA KEYS: ['user_name', 'password', 'expected_result', 'h3']
2026-04-18 19:35:58 | INFO     | pages.base_page:fill:34 - Nhập 'secret_sauce' vào: PASSWORD
2026-04-18 19:35:58 | INFO     | core.generic_runner:_execute_step:69 - 🧩 Step 'LOGIN_BUTTON' | data_key='login_button' | value=''
2026-04-18 19:35:58 | INFO     | core.generic_runner:_execute_step:70 - 🧪 TEST DATA KEYS: ['user_name', 'password', 'expected_result', 'h3']
2026-04-18 19:35:58 | INFO     | pages.base_page:fill:34 - Nhập '' vào: LOGIN_BUTTON
2026-04-18 19:35:58 | ERROR    | pages.base_page:fill:37 - Lỗi khi nhập liệu vào LOGIN_BUTTON: Page.fill: Error: Input of type "submit" cannot be filled
Call log:
  - waiting for locator("#login-button")
    - locator resolved to <input type="submit" value="Login" id="login-button" name="login-button" data-test="login-button" class="submit-button btn_action"/>
    - fill("")
  - attempting fill action
    - waiting for element to be visible, enabled and editable

2026-04-18 19:35:58 | ERROR    | core.generic_runner:run_test:51 - 💥 Kịch bản dừng đột ngột do lỗi: Page.fill: Error: Input of type "submit" cannot be filled
Call log:
  - waiting for locator("#login-button")
    - locator resolved to <input type="submit" value="Login" id="login-button" name="login-button" data-test="login-button" class="submit-button btn_action"/>
    - fill("")
  - attempting fill action
    - waiting for element to be visible, enabled and editable

2026-04-18 19:35:58 | INFO     | utils.helpers:capture_screenshot:108 - Đã lưu ảnh chụp màn hình tại: E:\doantotnghiep\doan2\reports\screenshots\FAILED_test_run_workflow[data2]_193558.png
2026-04-18 19:35:58 | ERROR    | conftest:pytest_runtest_makereport:67 - Test case 'test_run_workflow[data2]' thất bại. Đã chụp ảnh màn hình.
2026-04-18 19:35:58 | INFO     | conftest:page:35 - Khởi tạo Page context mới.
2026-04-18 19:35:58 | INFO     | core.generic_runner:run_test:35 - 🚀 Bắt đầu kịch bản: login cho site www_saucedemo_com
2026-04-18 19:35:58 | INFO     | pages.base_page:navigate:17 - Điều hướng tới: https://www.saucedemo.com/
2026-04-18 19:35:59 | INFO     | core.generic_runner:_execute_step:69 - 🧩 Step 'USER_NAME' | data_key='user_name' | value='wrong_user'
2026-04-18 19:35:59 | INFO     | core.generic_runner:_execute_step:70 - 🧪 TEST DATA KEYS: ['user_name', 'password', 'expected_result', 'h3']
2026-04-18 19:35:59 | INFO     | pages.base_page:fill:34 - Nhập 'wrong_user' vào: USER_NAME
2026-04-18 19:35:59 | INFO     | core.generic_runner:_execute_step:69 - 🧩 Step 'PASSWORD' | data_key='password' | value='secret_sauce'
2026-04-18 19:35:59 | INFO     | core.generic_runner:_execute_step:70 - 🧪 TEST DATA KEYS: ['user_name', 'password', 'expected_result', 'h3']
2026-04-18 19:35:59 | INFO     | pages.base_page:fill:34 - Nhập 'secret_sauce' vào: PASSWORD
2026-04-18 19:35:59 | INFO     | core.generic_runner:_execute_step:69 - 🧩 Step 'LOGIN_BUTTON' | data_key='login_button' | value=''
2026-04-18 19:35:59 | INFO     | core.generic_runner:_execute_step:70 - 🧪 TEST DATA KEYS: ['user_name', 'password', 'expected_result', 'h3']
2026-04-18 19:35:59 | INFO     | pages.base_page:fill:34 - Nhập '' vào: LOGIN_BUTTON
2026-04-18 19:35:59 | ERROR    | pages.base_page:fill:37 - Lỗi khi nhập liệu vào LOGIN_BUTTON: Page.fill: Error: Input of type "submit" cannot be filled
Call log:
  - waiting for locator("#login-button")
    - locator resolved to <input type="submit" value="Login" id="login-button" name="login-button" data-test="login-button" class="submit-button btn_action"/>
    - fill("")
  - attempting fill action
    - waiting for element to be visible, enabled and editable

2026-04-18 19:35:59 | ERROR    | core.generic_runner:run_test:51 - 💥 Kịch bản dừng đột ngột do lỗi: Page.fill: Error: Input of type "submit" cannot be filled
Call log:
  - waiting for locator("#login-button")
    - locator resolved to <input type="submit" value="Login" id="login-button" name="login-button" data-test="login-button" class="submit-button btn_action"/>
    - fill("")
  - attempting fill action
    - waiting for element to be visible, enabled and editable

2026-04-18 19:35:59 | INFO     | utils.helpers:capture_screenshot:108 - Đã lưu ảnh chụp màn hình tại: E:\doantotnghiep\doan2\reports\screenshots\FAILED_test_run_workflow[data3]_193559.png
2026-04-18 19:35:59 | ERROR    | conftest:pytest_runtest_makereport:67 - Test case 'test_run_workflow[data3]' thất bại. Đã chụp ảnh màn hình.
2026-04-18 19:36:00 | INFO     | conftest:page:35 - Khởi tạo Page context mới.
2026-04-18 19:36:00 | INFO     | core.generic_runner:run_test:35 - 🚀 Bắt đầu kịch bản: login cho site www_saucedemo_com
2026-04-18 19:36:00 | INFO     | pages.base_page:navigate:17 - Điều hướng tới: https://www.saucedemo.com/
2026-04-18 19:36:00 | INFO     | core.generic_runner:_execute_step:69 - 🧩 Step 'USER_NAME' | data_key='user_name' | value='standard_user'
2026-04-18 19:36:00 | INFO     | core.generic_runner:_execute_step:70 - 🧪 TEST DATA KEYS: ['user_name', 'password', 'expected_result', 'h3']
2026-04-18 19:36:00 | INFO     | pages.base_page:fill:34 - Nhập 'standard_user' vào: USER_NAME
2026-04-18 19:36:00 | INFO     | core.generic_runner:_execute_step:69 - 🧩 Step 'PASSWORD' | data_key='password' | value='wrong_password'
2026-04-18 19:36:00 | INFO     | core.generic_runner:_execute_step:70 - 🧪 TEST DATA KEYS: ['user_name', 'password', 'expected_result', 'h3']
2026-04-18 19:36:00 | INFO     | pages.base_page:fill:34 - Nhập 'wrong_password' vào: PASSWORD
2026-04-18 19:36:01 | INFO     | core.generic_runner:_execute_step:69 - 🧩 Step 'LOGIN_BUTTON' | data_key='login_button' | value=''
2026-04-18 19:36:01 | INFO     | core.generic_runner:_execute_step:70 - 🧪 TEST DATA KEYS: ['user_name', 'password', 'expected_result', 'h3']
2026-04-18 19:36:01 | INFO     | pages.base_page:fill:34 - Nhập '' vào: LOGIN_BUTTON
2026-04-18 19:36:01 | ERROR    | pages.base_page:fill:37 - Lỗi khi nhập liệu vào LOGIN_BUTTON: Page.fill: Error: Input of type "submit" cannot be filled
Call log:
  - waiting for locator("#login-button")
    - locator resolved to <input type="submit" value="Login" id="login-button" name="login-button" data-test="login-button" class="submit-button btn_action"/>
    - fill("")
  - attempting fill action
    - waiting for element to be visible, enabled and editable

2026-04-18 19:36:01 | ERROR    | core.generic_runner:run_test:51 - 💥 Kịch bản dừng đột ngột do lỗi: Page.fill: Error: Input of type "submit" cannot be filled
Call log:
  - waiting for locator("#login-button")
    - locator resolved to <input type="submit" value="Login" id="login-button" name="login-button" data-test="login-button" class="submit-button btn_action"/>
    - fill("")
  - attempting fill action
    - waiting for element to be visible, enabled and editable

2026-04-18 19:36:01 | INFO     | utils.helpers:capture_screenshot:108 - Đã lưu ảnh chụp màn hình tại: E:\doantotnghiep\doan2\reports\screenshots\FAILED_test_run_workflow[data4]_193601.png
2026-04-18 19:36:01 | ERROR    | conftest:pytest_runtest_makereport:67 - Test case 'test_run_workflow[data4]' thất bại. Đã chụp ảnh màn hình.
2026-04-18 19:36:01 | INFO     | conftest:page:35 - Khởi tạo Page context mới.
2026-04-18 19:36:01 | INFO     | core.generic_runner:run_test:35 - 🚀 Bắt đầu kịch bản: login cho site www_saucedemo_com
2026-04-18 19:36:01 | INFO     | pages.base_page:navigate:17 - Điều hướng tới: https://www.saucedemo.com/
2026-04-18 19:36:02 | INFO     | core.generic_runner:_execute_step:69 - 🧩 Step 'USER_NAME' | data_key='user_name' | value=''
2026-04-18 19:36:02 | INFO     | core.generic_runner:_execute_step:70 - 🧪 TEST DATA KEYS: ['user_name', 'password', 'expected_result', 'h3']
2026-04-18 19:36:02 | INFO     | pages.base_page:fill:34 - Nhập '' vào: USER_NAME
2026-04-18 19:36:02 | INFO     | core.generic_runner:_execute_step:69 - 🧩 Step 'PASSWORD' | data_key='password' | value=''
2026-04-18 19:36:02 | INFO     | core.generic_runner:_execute_step:70 - 🧪 TEST DATA KEYS: ['user_name', 'password', 'expected_result', 'h3']
2026-04-18 19:36:02 | INFO     | pages.base_page:fill:34 - Nhập '' vào: PASSWORD
2026-04-18 19:36:02 | INFO     | core.generic_runner:_execute_step:69 - 🧩 Step 'LOGIN_BUTTON' | data_key='login_button' | value=''
2026-04-18 19:36:02 | INFO     | core.generic_runner:_execute_step:70 - 🧪 TEST DATA KEYS: ['user_name', 'password', 'expected_result', 'h3']
2026-04-18 19:36:02 | INFO     | pages.base_page:fill:34 - Nhập '' vào: LOGIN_BUTTON
2026-04-18 19:36:02 | ERROR    | pages.base_page:fill:37 - Lỗi khi nhập liệu vào LOGIN_BUTTON: Page.fill: Error: Input of type "submit" cannot be filled
Call log:
  - waiting for locator("#login-button")
    - locator resolved to <input type="submit" value="Login" id="login-button" name="login-button" data-test="login-button" class="submit-button btn_action"/>
    - fill("")
  - attempting fill action
    - waiting for element to be visible, enabled and editable

2026-04-18 19:36:02 | ERROR    | core.generic_runner:run_test:51 - 💥 Kịch bản dừng đột ngột do lỗi: Page.fill: Error: Input of type "submit" cannot be filled
Call log:
  - waiting for locator("#login-button")
    - locator resolved to <input type="submit" value="Login" id="login-button" name="login-button" data-test="login-button" class="submit-button btn_action"/>
    - fill("")
  - attempting fill action
    - waiting for element to be visible, enabled and editable

2026-04-18 19:36:02 | INFO     | utils.helpers:capture_screenshot:108 - Đã lưu ảnh chụp màn hình tại: E:\doantotnghiep\doan2\reports\screenshots\FAILED_test_run_workflow[data5]_193602.png
2026-04-18 19:36:02 | ERROR    | conftest:pytest_runtest_makereport:67 - Test case 'test_run_workflow[data5]' thất bại. Đã chụp ảnh màn hình.
2026-04-18 19:36:02 | INFO     | conftest:browser:25 - Đóng trình duyệt.
