2026-04-21 19:57:58 | INFO     | config.config:<module>:12 - Loaded environment variables from E:\doantotnghiep\doan2\.env
2026-04-21 19:57:58 | INFO     | config.config:validate_config:62 - ==================================================
2026-04-21 19:57:58 | INFO     | config.config:validate_config:63 -       THÔNG TIN CẤU HÌNH HỆ THỐNG
2026-04-21 19:57:58 | INFO     | config.config:validate_config:64 -   > URL Mục tiêu : https://www.youtube.com/watch?v=94hGQXv3axQ&list=RDhAG-h8tNBdQ&index=7
2026-04-21 19:57:58 | INFO     | config.config:validate_config:65 -   > Trình duyệt : chromium (Headless: False)
2026-04-21 19:57:58 | INFO     | config.config:validate_config:66 -   > Timeout     : 30000 ms
2026-04-21 19:57:58 | INFO     | config.config:validate_config:67 - ==================================================
2026-04-21 19:57:59 | INFO     | test_main:<module>:19 - 🎯 Thực thi Test cho Site: www_youtube_com | Page: Book1.xlsx
2026-04-21 19:57:59 | WARNING  | utils.helpers:read_excel_data:50 - ⚠️ đang tìm file tại: E:\doantotnghiep\doan2\test_data\www_youtube_com\Book1.xlsx ----- Book1.xlsx --- www_youtube_com
2026-04-21 19:57:59 | INFO     | utils.helpers:read_excel_data:53 - Đang đọc dữ liệu Excel: E:\doantotnghiep\doan2\test_data\www_youtube_com\Book1.xlsx
2026-04-21 19:57:59 | INFO     | utils.helpers:read_excel_data:63 - Đọc thành công 6 dòng dữ liệu.
2026-04-21 19:58:00 | INFO     | conftest:browser:20 - Khởi động trình duyệt: chromium
2026-04-21 19:58:01 | INFO     | conftest:page:35 - Khởi tạo Page context mới.
2026-04-21 19:58:01 | ERROR    | utils.helpers:load_json_config:89 - Không tìm thấy file JSON: E:\doantotnghiep\doan2\locators\www_youtube_com\login.json
2026-04-21 19:58:01 | ERROR    | utils.helpers:load_json_config:89 - Không tìm thấy file JSON: E:\doantotnghiep\doan2\templates\www_youtube_com\login_workflow.json
2026-04-21 19:58:01 | ERROR    | core.generic_runner:run_test:26 - ❌ Không thể bắt đầu test: Thiếu file cấu hình JSON cho login
2026-04-21 19:58:02 | INFO     | utils.helpers:capture_screenshot:104 - Đã lưu ảnh chụp màn hình tại: E:\doantotnghiep\doan2\reports\screenshots\FAILED_test_run_workflow[data0]_195801.png
2026-04-21 19:58:02 | ERROR    | conftest:pytest_runtest_makereport:67 - Test case 'test_run_workflow[data0]' thất bại. Đã chụp ảnh màn hình.
2026-04-21 19:58:02 | INFO     | conftest:page:35 - Khởi tạo Page context mới.
2026-04-21 19:58:02 | ERROR    | utils.helpers:load_json_config:89 - Không tìm thấy file JSON: E:\doantotnghiep\doan2\locators\www_youtube_com\login.json
2026-04-21 19:58:02 | ERROR    | utils.helpers:load_json_config:89 - Không tìm thấy file JSON: E:\doantotnghiep\doan2\templates\www_youtube_com\login_workflow.json
2026-04-21 19:58:02 | ERROR    | core.generic_runner:run_test:26 - ❌ Không thể bắt đầu test: Thiếu file cấu hình JSON cho login
2026-04-21 19:58:02 | INFO     | utils.helpers:capture_screenshot:104 - Đã lưu ảnh chụp màn hình tại: E:\doantotnghiep\doan2\reports\screenshots\FAILED_test_run_workflow[data1]_195802.png
2026-04-21 19:58:02 | ERROR    | conftest:pytest_runtest_makereport:67 - Test case 'test_run_workflow[data1]' thất bại. Đã chụp ảnh màn hình.
2026-04-21 19:58:02 | INFO     | conftest:page:35 - Khởi tạo Page context mới.
2026-04-21 19:58:02 | ERROR    | utils.helpers:load_json_config:89 - Không tìm thấy file JSON: E:\doantotnghiep\doan2\locators\www_youtube_com\login.json
2026-04-21 19:58:02 | ERROR    | utils.helpers:load_json_config:89 - Không tìm thấy file JSON: E:\doantotnghiep\doan2\templates\www_youtube_com\login_workflow.json
2026-04-21 19:58:02 | ERROR    | core.generic_runner:run_test:26 - ❌ Không thể bắt đầu test: Thiếu file cấu hình JSON cho login
2026-04-21 19:58:02 | INFO     | utils.helpers:capture_screenshot:104 - Đã lưu ảnh chụp màn hình tại: E:\doantotnghiep\doan2\reports\screenshots\FAILED_test_run_workflow[data2]_195802.png
2026-04-21 19:58:02 | ERROR    | conftest:pytest_runtest_makereport:67 - Test case 'test_run_workflow[data2]' thất bại. Đã chụp ảnh màn hình.
2026-04-21 19:58:02 | INFO     | conftest:page:35 - Khởi tạo Page context mới.
2026-04-21 19:58:02 | ERROR    | utils.helpers:load_json_config:89 - Không tìm thấy file JSON: E:\doantotnghiep\doan2\locators\www_youtube_com\login.json
2026-04-21 19:58:02 | ERROR    | utils.helpers:load_json_config:89 - Không tìm thấy file JSON: E:\doantotnghiep\doan2\templates\www_youtube_com\login_workflow.json
2026-04-21 19:58:02 | ERROR    | core.generic_runner:run_test:26 - ❌ Không thể bắt đầu test: Thiếu file cấu hình JSON cho login
2026-04-21 19:58:03 | INFO     | utils.helpers:capture_screenshot:104 - Đã lưu ảnh chụp màn hình tại: E:\doantotnghiep\doan2\reports\screenshots\FAILED_test_run_workflow[data3]_195802.png
2026-04-21 19:58:03 | ERROR    | conftest:pytest_runtest_makereport:67 - Test case 'test_run_workflow[data3]' thất bại. Đã chụp ảnh màn hình.
2026-04-21 19:58:03 | INFO     | conftest:page:35 - Khởi tạo Page context mới.
2026-04-21 19:58:03 | ERROR    | utils.helpers:load_json_config:89 - Không tìm thấy file JSON: E:\doantotnghiep\doan2\locators\www_youtube_com\login.json
2026-04-21 19:58:03 | ERROR    | utils.helpers:load_json_config:89 - Không tìm thấy file JSON: E:\doantotnghiep\doan2\templates\www_youtube_com\login_workflow.json
2026-04-21 19:58:03 | ERROR    | core.generic_runner:run_test:26 - ❌ Không thể bắt đầu test: Thiếu file cấu hình JSON cho login
2026-04-21 19:58:03 | INFO     | utils.helpers:capture_screenshot:104 - Đã lưu ảnh chụp màn hình tại: E:\doantotnghiep\doan2\reports\screenshots\FAILED_test_run_workflow[data4]_195803.png
2026-04-21 19:58:03 | ERROR    | conftest:pytest_runtest_makereport:67 - Test case 'test_run_workflow[data4]' thất bại. Đã chụp ảnh màn hình.
2026-04-21 19:58:03 | INFO     | conftest:page:35 - Khởi tạo Page context mới.
2026-04-21 19:58:03 | ERROR    | utils.helpers:load_json_config:89 - Không tìm thấy file JSON: E:\doantotnghiep\doan2\locators\www_youtube_com\login.json
2026-04-21 19:58:03 | ERROR    | utils.helpers:load_json_config:89 - Không tìm thấy file JSON: E:\doantotnghiep\doan2\templates\www_youtube_com\login_workflow.json
2026-04-21 19:58:03 | ERROR    | core.generic_runner:run_test:26 - ❌ Không thể bắt đầu test: Thiếu file cấu hình JSON cho login
2026-04-21 19:58:03 | INFO     | utils.helpers:capture_screenshot:104 - Đã lưu ảnh chụp màn hình tại: E:\doantotnghiep\doan2\reports\screenshots\FAILED_test_run_workflow[data5]_195803.png
2026-04-21 19:58:03 | ERROR    | conftest:pytest_runtest_makereport:67 - Test case 'test_run_workflow[data5]' thất bại. Đã chụp ảnh màn hình.
2026-04-21 19:58:03 | INFO     | conftest:browser:25 - Đóng trình duyệt.
